#
# There is insufficient memory for the Java Runtime Environment to continue.
# Native memory allocation (malloc) failed to allocate 1928976 bytes. Error detail: Chunk::new
# Possible reasons:
#   The system is out of physical RAM or swap space
#   This process is running with CompressedOops enabled, and the Java Heap may be blocking the growth of the native heap
# Possible solutions:
#   Reduce memory load on the system
#   Increase physical memory or swap space
#   Check if swap backing store is full
#   Decrease Java heap size (-Xmx/-Xms)
#   Decrease number of Java threads
#   Decrease Java thread stack sizes (-Xss)
#   Set larger code cache with -XX:ReservedCodeCacheSize=
#   JVM is running with Unscaled Compressed Oops mode in which the Java heap is
#     placed in the first 4GB address space. The Java Heap base address is the
#     maximum limit for the native heap growth. Please use -XX:HeapBaseMinAddress
#     to set the Java Heap base and to place the Java Heap above 4GB virtual address.
# This output file may be truncated or incomplete.
#
#  Out of Memory Error (arena.cpp:168), pid=15028, tid=21124
#
# JRE version: OpenJDK Runtime Environment Temurin-21.0.8+9 (21.0.8+9) (build 21.0.8+9-LTS)
# Java VM: OpenJDK 64-Bit Server VM Temurin-21.0.8+9 (21.0.8+9-LTS, mixed mode, sharing, tiered, compressed oops, compressed class ptrs, g1 gc, windows-amd64)
# No core dump will be written. Minidumps are not enabled by default on client versions of Windows
#

---------------  S U M M A R Y ------------

Command Line: -Dfile.encoding=UTF-8 -Dstdout.encoding=UTF-8 -Dstderr.encoding=UTF-8 -XX:+ShowCodeDetailsInExceptionMessages com.amithangadi.docmind_AI.DocmindAiApplication

Host: 11th Gen Intel(R) Core(TM) i5-11300H @ 3.10GHz, 8 cores, 7G,  Windows 11 , 64 bit Build 26100 (10.0.26100.8972)
Time: Wed Aug  5 20:18:53 2026 India Standard Time elapsed time: 1.259917 seconds (0d 0h 0m 1s)

---------------  T H R E A D  ---------------

Current thread (0x00000286ff47bde0):  JavaThread "C2 CompilerThread1" daemon [_thread_in_native, id=21124, stack(0x0000008d72d00000,0x0000008d72e00000) (1024K)]


Current CompileTask:
C2:1260 2077       4       java.lang.invoke.MethodType::methodType (69 bytes)

Stack: [0x0000008d72d00000,0x0000008d72e00000]
Native frames: (J=compiled Java code, j=interpreted, Vv=VM code, C=native code)
V  [jvm.dll+0x6d2449]
V  [jvm.dll+0x8ae341]
V  [jvm.dll+0x8b08be]
V  [jvm.dll+0x8b0fa3]
V  [jvm.dll+0x280c96]
V  [jvm.dll+0xc581d]
V  [jvm.dll+0xc5d53]
V  [jvm.dll+0x3b9162]
V  [jvm.dll+0x385315]
V  [jvm.dll+0x38477a]
V  [jvm.dll+0x248ed0]
V  [jvm.dll+0x2484af]
V  [jvm.dll+0x1c89ee]
V  [jvm.dll+0x257d4d]
V  [jvm.dll+0x2562ea]
V  [jvm.dll+0x3f2d16]
V  [jvm.dll+0x857e6b]
V  [jvm.dll+0x6d0b0d]
C  [ucrtbase.dll+0x2cd30]
C  [KERNEL32.DLL+0x2ccb7]
C  [ntdll.dll+0xaad6c]


---------------  P R O C E S S  ---------------

Threads class SMR info:
_java_thread_list=0x00000286c51f9ff0, length=15, elements={
0x00000286e50b2420, 0x00000286febb6190, 0x00000286febb90e0, 0x00000286febbdc40,
0x00000286febbea00, 0x00000286febbf540, 0x00000286febc0080, 0x00000286ff2483c0,
0x00000286ff249460, 0x00000286ff37c3f0, 0x00000286ff3809b0, 0x00000286ff47bde0,
0x00000286ffb91970, 0x00000286ffb909d0, 0x00000286c52f40a0
}

Java Threads: ( => current thread )
  0x00000286e50b2420 JavaThread "main"                              [_thread_blocked, id=21456, stack(0x0000008d71b00000,0x0000008d71c00000) (1024K)]
  0x00000286febb6190 JavaThread "Reference Handler"          daemon [_thread_blocked, id=21364, stack(0x0000008d72300000,0x0000008d72400000) (1024K)]
  0x00000286febb90e0 JavaThread "Finalizer"                  daemon [_thread_blocked, id=16064, stack(0x0000008d72400000,0x0000008d72500000) (1024K)]
  0x00000286febbdc40 JavaThread "Signal Dispatcher"          daemon [_thread_blocked, id=6808, stack(0x0000008d72500000,0x0000008d72600000) (1024K)]
  0x00000286febbea00 JavaThread "Attach Listener"            daemon [_thread_blocked, id=5524, stack(0x0000008d72600000,0x0000008d72700000) (1024K)]
  0x00000286febbf540 JavaThread "Service Thread"             daemon [_thread_blocked, id=21716, stack(0x0000008d72700000,0x0000008d72800000) (1024K)]
  0x00000286febc0080 JavaThread "Monitor Deflation Thread"   daemon [_thread_blocked, id=20264, stack(0x0000008d72800000,0x0000008d72900000) (1024K)]
  0x00000286ff2483c0 JavaThread "C2 CompilerThread0"         daemon [_thread_in_native, id=9444, stack(0x0000008d72900000,0x0000008d72a00000) (1024K)]
  0x00000286ff249460 JavaThread "C1 CompilerThread0"         daemon [_thread_in_native, id=22840, stack(0x0000008d72a00000,0x0000008d72b00000) (1024K)]
  0x00000286ff37c3f0 JavaThread "Notification Thread"        daemon [_thread_blocked, id=2932, stack(0x0000008d72b00000,0x0000008d72c00000) (1024K)]
  0x00000286ff3809b0 JavaThread "Common-Cleaner"             daemon [_thread_blocked, id=15172, stack(0x0000008d72c00000,0x0000008d72d00000) (1024K)]
=>0x00000286ff47bde0 JavaThread "C2 CompilerThread1"         daemon [_thread_in_native, id=21124, stack(0x0000008d72d00000,0x0000008d72e00000) (1024K)]
  0x00000286ffb91970 JavaThread "Thread-0"                          [_thread_blocked, id=25572, stack(0x0000008d72e00000,0x0000008d72f00000) (1024K)]
  0x00000286ffb909d0 JavaThread "restartedMain"                     [_thread_in_Java, id=16348, stack(0x0000008d72f00000,0x0000008d73000000) (1024K)]
  0x00000286c52f40a0 JavaThread "background-preinit"                [_thread_in_native, id=12192, stack(0x0000008d73500000,0x0000008d73600000) (1024K)]
Total: 15

Other Threads:
  0x00000286feb94980 VMThread "VM Thread"                           [id=22888, stack(0x0000008d72200000,0x0000008d72300000) (1024K)]
  0x00000286feb7b1e0 WatcherThread "VM Periodic Task Thread"        [id=10000, stack(0x0000008d72100000,0x0000008d72200000) (1024K)]
  0x00000286e74312f0 WorkerThread "GC Thread#0"                     [id=21624, stack(0x0000008d71c00000,0x0000008d71d00000) (1024K)]
  0x00000286c50da7f0 WorkerThread "GC Thread#1"                     [id=9968, stack(0x0000008d73000000,0x0000008d73100000) (1024K)]
  0x00000286c50dab90 WorkerThread "GC Thread#2"                     [id=17340, stack(0x0000008d73100000,0x0000008d73200000) (1024K)]
  0x00000286c50daf30 WorkerThread "GC Thread#3"                     [id=6780, stack(0x0000008d73200000,0x0000008d73300000) (1024K)]
  0x00000286c50db2d0 WorkerThread "GC Thread#4"                     [id=17436, stack(0x0000008d73300000,0x0000008d73400000) (1024K)]
  0x00000286c50dba80 WorkerThread "GC Thread#5"                     [id=23792, stack(0x0000008d73400000,0x0000008d73500000) (1024K)]
  0x00000286c56a2d50 WorkerThread "GC Thread#6"                     [id=14252, stack(0x0000008d73600000,0x0000008d73700000) (1024K)]
  0x00000286c59ea480 WorkerThread "GC Thread#7"                     [id=1124, stack(0x0000008d73700000,0x0000008d73800000) (1024K)]
  0x00000286e7441c10 ConcurrentGCThread "G1 Main Marker"            [id=17820, stack(0x0000008d71d00000,0x0000008d71e00000) (1024K)]
  0x00000286e7443d30 WorkerThread "G1 Conc#0"                       [id=20860, stack(0x0000008d71e00000,0x0000008d71f00000) (1024K)]
  0x00000286fea473f0 ConcurrentGCThread "G1 Refine#0"               [id=27404, stack(0x0000008d71f00000,0x0000008d72000000) (1024K)]
  0x00000286fea48e10 ConcurrentGCThread "G1 Service"                [id=22824, stack(0x0000008d72000000,0x0000008d72100000) (1024K)]
Total: 14

Threads with active compile tasks:
C2 CompilerThread0  1284 1974       4       java.lang.invoke.MethodType::makeImpl (109 bytes)
C2 CompilerThread1  1284 2077       4       java.lang.invoke.MethodType::methodType (69 bytes)
Total: 2

VM state: not at safepoint (normal execution)

VM Mutex/Monitor currently owned by a thread: None

Heap address: 0x0000000083600000, size: 1994 MB, Compressed Oops mode: 32-bit

CDS archive(s) mapped at: [0x0000028680000000-0x0000028680c80000-0x0000028680c80000), size 13107200, SharedBaseAddress: 0x0000028680000000, ArchiveRelocationMode: 1.
Compressed class space mapped at: 0x0000028681000000-0x00000286c1000000, reserved size: 1073741824
Narrow klass base: 0x0000028680000000, Narrow klass shift: 0, Narrow klass range: 0x100000000

GC Precious Log:
 CardTable entry size: 512
 Card Set container configuration: InlinePtr #cards 5 size 8 Array Of Cards #cards 12 size 40 Howl #buckets 4 coarsen threshold 1843 Howl Bitmap #cards 512 size 80 coarsen threshold 460 Card regions per heap region 1 cards per card region 2048
 CPUs: 8 total, 8 available
 Memory: 7975M
 Large Page Support: Disabled
 NUMA Support: Disabled
 Compressed Oops: Enabled (32-bit)
 Heap Region Size: 1M
 Heap Min Capacity: 8M
 Heap Initial Capacity: 126M
 Heap Max Capacity: 1994M
 Pre-touch: Disabled
 Parallel Workers: 8
 Concurrent Workers: 2
 Concurrent Refinement Workers: 8
 Periodic GC: Disabled

Heap:
 garbage-first heap   total 129024K, used 26313K [0x0000000083600000, 0x0000000100000000)
  region size 1024K, 20 young (20480K), 3 survivors (3072K)
 Metaspace       used 17218K, committed 17600K, reserved 1114112K
  class space    used 2230K, committed 2368K, reserved 1048576K

Heap Regions: E=young(eden), S=young(survivor), O=old, HS=humongous(starts), HC=humongous(continues), CS=collection set, F=free, TAMS=top-at-mark-start, PB=parsable bottom
|   0|0x0000000083600000, 0x0000000083700000, 0x0000000083700000|100%|HS|  |TAMS 0x0000000083600000| PB 0x0000000083600000| Complete 
|   1|0x0000000083700000, 0x0000000083800000, 0x0000000083800000|100%|HS|  |TAMS 0x0000000083700000| PB 0x0000000083700000| Complete 
|   2|0x0000000083800000, 0x0000000083900000, 0x0000000083900000|100%| O|  |TAMS 0x0000000083800000| PB 0x0000000083800000| Untracked 
|   3|0x0000000083900000, 0x0000000083a00000, 0x0000000083a00000|100%| O|  |TAMS 0x0000000083900000| PB 0x0000000083900000| Untracked 
|   4|0x0000000083a00000, 0x0000000083b00000, 0x0000000083b00000|100%| O|  |TAMS 0x0000000083a00000| PB 0x0000000083a00000| Untracked 
|   5|0x0000000083b00000, 0x0000000083c00000, 0x0000000083c00000|100%| O|  |TAMS 0x0000000083b00000| PB 0x0000000083b00000| Untracked 
|   6|0x0000000083c00000, 0x0000000083d00000, 0x0000000083d00000|100%| O|  |TAMS 0x0000000083c00000| PB 0x0000000083c00000| Untracked 
|   7|0x0000000083d00000, 0x0000000083deb760, 0x0000000083e00000| 91%| O|  |TAMS 0x0000000083d00000| PB 0x0000000083d00000| Untracked 
|   8|0x0000000083e00000, 0x0000000083e00000, 0x0000000083f00000|  0%| F|  |TAMS 0x0000000083e00000| PB 0x0000000083e00000| Untracked 
|   9|0x0000000083f00000, 0x0000000083f00000, 0x0000000084000000|  0%| F|  |TAMS 0x0000000083f00000| PB 0x0000000083f00000| Untracked 
|  10|0x0000000084000000, 0x0000000084000000, 0x0000000084100000|  0%| F|  |TAMS 0x0000000084000000| PB 0x0000000084000000| Untracked 
|  11|0x0000000084100000, 0x0000000084100000, 0x0000000084200000|  0%| F|  |TAMS 0x0000000084100000| PB 0x0000000084100000| Untracked 
|  12|0x0000000084200000, 0x0000000084200000, 0x0000000084300000|  0%| F|  |TAMS 0x0000000084200000| PB 0x0000000084200000| Untracked 
|  13|0x0000000084300000, 0x0000000084300000, 0x0000000084400000|  0%| F|  |TAMS 0x0000000084300000| PB 0x0000000084300000| Untracked 
|  14|0x0000000084400000, 0x0000000084400000, 0x0000000084500000|  0%| F|  |TAMS 0x0000000084400000| PB 0x0000000084400000| Untracked 
|  15|0x0000000084500000, 0x0000000084500000, 0x0000000084600000|  0%| F|  |TAMS 0x0000000084500000| PB 0x0000000084500000| Untracked 
|  16|0x0000000084600000, 0x0000000084600000, 0x0000000084700000|  0%| F|  |TAMS 0x0000000084600000| PB 0x0000000084600000| Untracked 
|  17|0x0000000084700000, 0x0000000084700000, 0x0000000084800000|  0%| F|  |TAMS 0x0000000084700000| PB 0x0000000084700000| Untracked 
|  18|0x0000000084800000, 0x0000000084800000, 0x0000000084900000|  0%| F|  |TAMS 0x0000000084800000| PB 0x0000000084800000| Untracked 
|  19|0x0000000084900000, 0x0000000084900000, 0x0000000084a00000|  0%| F|  |TAMS 0x0000000084900000| PB 0x0000000084900000| Untracked 
|  20|0x0000000084a00000, 0x0000000084a00000, 0x0000000084b00000|  0%| F|  |TAMS 0x0000000084a00000| PB 0x0000000084a00000| Untracked 
|  21|0x0000000084b00000, 0x0000000084b00000, 0x0000000084c00000|  0%| F|  |TAMS 0x0000000084b00000| PB 0x0000000084b00000| Untracked 
|  22|0x0000000084c00000, 0x0000000084c00000, 0x0000000084d00000|  0%| F|  |TAMS 0x0000000084c00000| PB 0x0000000084c00000| Untracked 
|  23|0x0000000084d00000, 0x0000000084d00000, 0x0000000084e00000|  0%| F|  |TAMS 0x0000000084d00000| PB 0x0000000084d00000| Untracked 
|  24|0x0000000084e00000, 0x0000000084e00000, 0x0000000084f00000|  0%| F|  |TAMS 0x0000000084e00000| PB 0x0000000084e00000| Untracked 
|  25|0x0000000084f00000, 0x0000000084f00000, 0x0000000085000000|  0%| F|  |TAMS 0x0000000084f00000| PB 0x0000000084f00000| Untracked 
|  26|0x0000000085000000, 0x0000000085000000, 0x0000000085100000|  0%| F|  |TAMS 0x0000000085000000| PB 0x0000000085000000| Untracked 
|  27|0x0000000085100000, 0x0000000085100000, 0x0000000085200000|  0%| F|  |TAMS 0x0000000085100000| PB 0x0000000085100000| Untracked 
|  28|0x0000000085200000, 0x0000000085200000, 0x0000000085300000|  0%| F|  |TAMS 0x0000000085200000| PB 0x0000000085200000| Untracked 
|  29|0x0000000085300000, 0x0000000085300000, 0x0000000085400000|  0%| F|  |TAMS 0x0000000085300000| PB 0x0000000085300000| Untracked 
|  30|0x0000000085400000, 0x0000000085400000, 0x0000000085500000|  0%| F|  |TAMS 0x0000000085400000| PB 0x0000000085400000| Untracked 
|  31|0x0000000085500000, 0x0000000085500000, 0x0000000085600000|  0%| F|  |TAMS 0x0000000085500000| PB 0x0000000085500000| Untracked 
|  32|0x0000000085600000, 0x0000000085600000, 0x0000000085700000|  0%| F|  |TAMS 0x0000000085600000| PB 0x0000000085600000| Untracked 
|  33|0x0000000085700000, 0x0000000085700000, 0x0000000085800000|  0%| F|  |TAMS 0x0000000085700000| PB 0x0000000085700000| Untracked 
|  34|0x0000000085800000, 0x0000000085800000, 0x0000000085900000|  0%| F|  |TAMS 0x0000000085800000| PB 0x0000000085800000| Untracked 
|  35|0x0000000085900000, 0x0000000085900000, 0x0000000085a00000|  0%| F|  |TAMS 0x0000000085900000| PB 0x0000000085900000| Untracked 
|  36|0x0000000085a00000, 0x0000000085a00000, 0x0000000085b00000|  0%| F|  |TAMS 0x0000000085a00000| PB 0x0000000085a00000| Untracked 
|  37|0x0000000085b00000, 0x0000000085b00000, 0x0000000085c00000|  0%| F|  |TAMS 0x0000000085b00000| PB 0x0000000085b00000| Untracked 
|  38|0x0000000085c00000, 0x0000000085c00000, 0x0000000085d00000|  0%| F|  |TAMS 0x0000000085c00000| PB 0x0000000085c00000| Untracked 
|  39|0x0000000085d00000, 0x0000000085d00000, 0x0000000085e00000|  0%| F|  |TAMS 0x0000000085d00000| PB 0x0000000085d00000| Untracked 
|  40|0x0000000085e00000, 0x0000000085e00000, 0x0000000085f00000|  0%| F|  |TAMS 0x0000000085e00000| PB 0x0000000085e00000| Untracked 
|  41|0x0000000085f00000, 0x0000000085f00000, 0x0000000086000000|  0%| F|  |TAMS 0x0000000085f00000| PB 0x0000000085f00000| Untracked 
|  42|0x0000000086000000, 0x0000000086000000, 0x0000000086100000|  0%| F|  |TAMS 0x0000000086000000| PB 0x0000000086000000| Untracked 
|  43|0x0000000086100000, 0x0000000086100000, 0x0000000086200000|  0%| F|  |TAMS 0x0000000086100000| PB 0x0000000086100000| Untracked 
|  44|0x0000000086200000, 0x0000000086200000, 0x0000000086300000|  0%| F|  |TAMS 0x0000000086200000| PB 0x0000000086200000| Untracked 
|  45|0x0000000086300000, 0x0000000086300000, 0x0000000086400000|  0%| F|  |TAMS 0x0000000086300000| PB 0x0000000086300000| Untracked 
|  46|0x0000000086400000, 0x0000000086400000, 0x0000000086500000|  0%| F|  |TAMS 0x0000000086400000| PB 0x0000000086400000| Untracked 
|  47|0x0000000086500000, 0x0000000086500000, 0x0000000086600000|  0%| F|  |TAMS 0x0000000086500000| PB 0x0000000086500000| Untracked 
|  48|0x0000000086600000, 0x0000000086600000, 0x0000000086700000|  0%| F|  |TAMS 0x0000000086600000| PB 0x0000000086600000| Untracked 
|  49|0x0000000086700000, 0x0000000086700000, 0x0000000086800000|  0%| F|  |TAMS 0x0000000086700000| PB 0x0000000086700000| Untracked 
|  50|0x0000000086800000, 0x0000000086800000, 0x0000000086900000|  0%| F|  |TAMS 0x0000000086800000| PB 0x0000000086800000| Untracked 
|  51|0x0000000086900000, 0x0000000086900000, 0x0000000086a00000|  0%| F|  |TAMS 0x0000000086900000| PB 0x0000000086900000| Untracked 
|  52|0x0000000086a00000, 0x0000000086a00000, 0x0000000086b00000|  0%| F|  |TAMS 0x0000000086a00000| PB 0x0000000086a00000| Untracked 
|  53|0x0000000086b00000, 0x0000000086b00000, 0x0000000086c00000|  0%| F|  |TAMS 0x0000000086b00000| PB 0x0000000086b00000| Untracked 
|  54|0x0000000086c00000, 0x0000000086c00000, 0x0000000086d00000|  0%| F|  |TAMS 0x0000000086c00000| PB 0x0000000086c00000| Untracked 
|  55|0x0000000086d00000, 0x0000000086d00000, 0x0000000086e00000|  0%| F|  |TAMS 0x0000000086d00000| PB 0x0000000086d00000| Untracked 
|  56|0x0000000086e00000, 0x0000000086e00000, 0x0000000086f00000|  0%| F|  |TAMS 0x0000000086e00000| PB 0x0000000086e00000| Untracked 
|  57|0x0000000086f00000, 0x0000000086f00000, 0x0000000087000000|  0%| F|  |TAMS 0x0000000086f00000| PB 0x0000000086f00000| Untracked 
|  58|0x0000000087000000, 0x0000000087000000, 0x0000000087100000|  0%| F|  |TAMS 0x0000000087000000| PB 0x0000000087000000| Untracked 
|  59|0x0000000087100000, 0x0000000087100000, 0x0000000087200000|  0%| F|  |TAMS 0x0000000087100000| PB 0x0000000087100000| Untracked 
|  60|0x0000000087200000, 0x0000000087200000, 0x0000000087300000|  0%| F|  |TAMS 0x0000000087200000| PB 0x0000000087200000| Untracked 
|  61|0x0000000087300000, 0x0000000087300000, 0x0000000087400000|  0%| F|  |TAMS 0x0000000087300000| PB 0x0000000087300000| Untracked 
|  62|0x0000000087400000, 0x0000000087400000, 0x0000000087500000|  0%| F|  |TAMS 0x0000000087400000| PB 0x0000000087400000| Untracked 
|  63|0x0000000087500000, 0x0000000087500000, 0x0000000087600000|  0%| F|  |TAMS 0x0000000087500000| PB 0x0000000087500000| Untracked 
|  64|0x0000000087600000, 0x0000000087600000, 0x0000000087700000|  0%| F|  |TAMS 0x0000000087600000| PB 0x0000000087600000| Untracked 
|  65|0x0000000087700000, 0x0000000087700000, 0x0000000087800000|  0%| F|  |TAMS 0x0000000087700000| PB 0x0000000087700000| Untracked 
|  66|0x0000000087800000, 0x0000000087800000, 0x0000000087900000|  0%| F|  |TAMS 0x0000000087800000| PB 0x0000000087800000| Untracked 
|  67|0x0000000087900000, 0x0000000087900000, 0x0000000087a00000|  0%| F|  |TAMS 0x0000000087900000| PB 0x0000000087900000| Untracked 
|  68|0x0000000087a00000, 0x0000000087a00000, 0x0000000087b00000|  0%| F|  |TAMS 0x0000000087a00000| PB 0x0000000087a00000| Untracked 
|  69|0x0000000087b00000, 0x0000000087b00000, 0x0000000087c00000|  0%| F|  |TAMS 0x0000000087b00000| PB 0x0000000087b00000| Untracked 
|  70|0x0000000087c00000, 0x0000000087c00000, 0x0000000087d00000|  0%| F|  |TAMS 0x0000000087c00000| PB 0x0000000087c00000| Untracked 
|  71|0x0000000087d00000, 0x0000000087d00000, 0x0000000087e00000|  0%| F|  |TAMS 0x0000000087d00000| PB 0x0000000087d00000| Untracked 
|  72|0x0000000087e00000, 0x0000000087e00000, 0x0000000087f00000|  0%| F|  |TAMS 0x0000000087e00000| PB 0x0000000087e00000| Untracked 
|  73|0x0000000087f00000, 0x0000000087f00000, 0x0000000088000000|  0%| F|  |TAMS 0x0000000087f00000| PB 0x0000000087f00000| Untracked 
|  74|0x0000000088000000, 0x0000000088000000, 0x0000000088100000|  0%| F|  |TAMS 0x0000000088000000| PB 0x0000000088000000| Untracked 
|  75|0x0000000088100000, 0x0000000088100000, 0x0000000088200000|  0%| F|  |TAMS 0x0000000088100000| PB 0x0000000088100000| Untracked 
|  76|0x0000000088200000, 0x0000000088200000, 0x0000000088300000|  0%| F|  |TAMS 0x0000000088200000| PB 0x0000000088200000| Untracked 
|  77|0x0000000088300000, 0x0000000088300000, 0x0000000088400000|  0%| F|  |TAMS 0x0000000088300000| PB 0x0000000088300000| Untracked 
|  78|0x0000000088400000, 0x0000000088400000, 0x0000000088500000|  0%| F|  |TAMS 0x0000000088400000| PB 0x0000000088400000| Untracked 
|  79|0x0000000088500000, 0x0000000088500000, 0x0000000088600000|  0%| F|  |TAMS 0x0000000088500000| PB 0x0000000088500000| Untracked 
|  80|0x0000000088600000, 0x0000000088600000, 0x0000000088700000|  0%| F|  |TAMS 0x0000000088600000| PB 0x0000000088600000| Untracked 
|  81|0x0000000088700000, 0x0000000088700000, 0x0000000088800000|  0%| F|  |TAMS 0x0000000088700000| PB 0x0000000088700000| Untracked 
|  82|0x0000000088800000, 0x0000000088800000, 0x0000000088900000|  0%| F|  |TAMS 0x0000000088800000| PB 0x0000000088800000| Untracked 
|  83|0x0000000088900000, 0x0000000088900000, 0x0000000088a00000|  0%| F|  |TAMS 0x0000000088900000| PB 0x0000000088900000| Untracked 
|  84|0x0000000088a00000, 0x0000000088a00000, 0x0000000088b00000|  0%| F|  |TAMS 0x0000000088a00000| PB 0x0000000088a00000| Untracked 
|  85|0x0000000088b00000, 0x0000000088b00000, 0x0000000088c00000|  0%| F|  |TAMS 0x0000000088b00000| PB 0x0000000088b00000| Untracked 
|  86|0x0000000088c00000, 0x0000000088c00000, 0x0000000088d00000|  0%| F|  |TAMS 0x0000000088c00000| PB 0x0000000088c00000| Untracked 
|  87|0x0000000088d00000, 0x0000000088d00000, 0x0000000088e00000|  0%| F|  |TAMS 0x0000000088d00000| PB 0x0000000088d00000| Untracked 
|  88|0x0000000088e00000, 0x0000000088e00000, 0x0000000088f00000|  0%| F|  |TAMS 0x0000000088e00000| PB 0x0000000088e00000| Untracked 
|  89|0x0000000088f00000, 0x0000000088f00000, 0x0000000089000000|  0%| F|  |TAMS 0x0000000088f00000| PB 0x0000000088f00000| Untracked 
|  90|0x0000000089000000, 0x00000000890c6e70, 0x0000000089100000| 77%| S|CS|TAMS 0x0000000089000000| PB 0x0000000089000000| Complete 
|  91|0x0000000089100000, 0x0000000089200000, 0x0000000089200000|100%| S|CS|TAMS 0x0000000089100000| PB 0x0000000089100000| Complete 
|  92|0x0000000089200000, 0x0000000089300000, 0x0000000089300000|100%| S|CS|TAMS 0x0000000089200000| PB 0x0000000089200000| Complete 
|  93|0x0000000089300000, 0x0000000089300000, 0x0000000089400000|  0%| F|  |TAMS 0x0000000089300000| PB 0x0000000089300000| Untracked 
|  94|0x0000000089400000, 0x0000000089400000, 0x0000000089500000|  0%| F|  |TAMS 0x0000000089400000| PB 0x0000000089400000| Untracked 
|  95|0x0000000089500000, 0x0000000089500000, 0x0000000089600000|  0%| F|  |TAMS 0x0000000089500000| PB 0x0000000089500000| Untracked 
|  96|0x0000000089600000, 0x0000000089600000, 0x0000000089700000|  0%| F|  |TAMS 0x0000000089600000| PB 0x0000000089600000| Untracked 
|  97|0x0000000089700000, 0x0000000089700000, 0x0000000089800000|  0%| F|  |TAMS 0x0000000089700000| PB 0x0000000089700000| Untracked 
|  98|0x0000000089800000, 0x0000000089800000, 0x0000000089900000|  0%| F|  |TAMS 0x0000000089800000| PB 0x0000000089800000| Untracked 
|  99|0x0000000089900000, 0x0000000089900000, 0x0000000089a00000|  0%| F|  |TAMS 0x0000000089900000| PB 0x0000000089900000| Untracked 
| 100|0x0000000089a00000, 0x0000000089a00000, 0x0000000089b00000|  0%| F|  |TAMS 0x0000000089a00000| PB 0x0000000089a00000| Untracked 
| 101|0x0000000089b00000, 0x0000000089b00000, 0x0000000089c00000|  0%| F|  |TAMS 0x0000000089b00000| PB 0x0000000089b00000| Untracked 
| 102|0x0000000089c00000, 0x0000000089c00000, 0x0000000089d00000|  0%| F|  |TAMS 0x0000000089c00000| PB 0x0000000089c00000| Untracked 
| 103|0x0000000089d00000, 0x0000000089d00000, 0x0000000089e00000|  0%| F|  |TAMS 0x0000000089d00000| PB 0x0000000089d00000| Untracked 
| 104|0x0000000089e00000, 0x0000000089e00000, 0x0000000089f00000|  0%| F|  |TAMS 0x0000000089e00000| PB 0x0000000089e00000| Untracked 
| 105|0x0000000089f00000, 0x0000000089f00000, 0x000000008a000000|  0%| F|  |TAMS 0x0000000089f00000| PB 0x0000000089f00000| Untracked 
| 106|0x000000008a000000, 0x000000008a000000, 0x000000008a100000|  0%| F|  |TAMS 0x000000008a000000| PB 0x000000008a000000| Untracked 
| 107|0x000000008a100000, 0x000000008a100000, 0x000000008a200000|  0%| F|  |TAMS 0x000000008a100000| PB 0x000000008a100000| Untracked 
| 108|0x000000008a200000, 0x000000008a200000, 0x000000008a300000|  0%| F|  |TAMS 0x000000008a200000| PB 0x000000008a200000| Untracked 
| 109|0x000000008a300000, 0x000000008a32dcf0, 0x000000008a400000| 17%| E|  |TAMS 0x000000008a300000| PB 0x000000008a300000| Complete 
| 110|0x000000008a400000, 0x000000008a500000, 0x000000008a500000|100%| E|CS|TAMS 0x000000008a400000| PB 0x000000008a400000| Complete 
| 111|0x000000008a500000, 0x000000008a600000, 0x000000008a600000|100%| E|CS|TAMS 0x000000008a500000| PB 0x000000008a500000| Complete 
| 112|0x000000008a600000, 0x000000008a700000, 0x000000008a700000|100%| E|CS|TAMS 0x000000008a600000| PB 0x000000008a600000| Complete 
| 113|0x000000008a700000, 0x000000008a800000, 0x000000008a800000|100%| E|CS|TAMS 0x000000008a700000| PB 0x000000008a700000| Complete 
| 114|0x000000008a800000, 0x000000008a900000, 0x000000008a900000|100%| E|CS|TAMS 0x000000008a800000| PB 0x000000008a800000| Complete 
| 115|0x000000008a900000, 0x000000008aa00000, 0x000000008aa00000|100%| E|CS|TAMS 0x000000008a900000| PB 0x000000008a900000| Complete 
| 116|0x000000008aa00000, 0x000000008ab00000, 0x000000008ab00000|100%| E|CS|TAMS 0x000000008aa00000| PB 0x000000008aa00000| Complete 
| 117|0x000000008ab00000, 0x000000008ac00000, 0x000000008ac00000|100%| E|CS|TAMS 0x000000008ab00000| PB 0x000000008ab00000| Complete 
| 118|0x000000008ac00000, 0x000000008ad00000, 0x000000008ad00000|100%| E|CS|TAMS 0x000000008ac00000| PB 0x000000008ac00000| Complete 
| 119|0x000000008ad00000, 0x000000008ae00000, 0x000000008ae00000|100%| E|CS|TAMS 0x000000008ad00000| PB 0x000000008ad00000| Complete 
| 120|0x000000008ae00000, 0x000000008af00000, 0x000000008af00000|100%| E|CS|TAMS 0x000000008ae00000| PB 0x000000008ae00000| Complete 
| 121|0x000000008af00000, 0x000000008b000000, 0x000000008b000000|100%| E|CS|TAMS 0x000000008af00000| PB 0x000000008af00000| Complete 
| 122|0x000000008b000000, 0x000000008b100000, 0x000000008b100000|100%| E|CS|TAMS 0x000000008b000000| PB 0x000000008b000000| Complete 
| 123|0x000000008b100000, 0x000000008b200000, 0x000000008b200000|100%| E|CS|TAMS 0x000000008b100000| PB 0x000000008b100000| Complete 
| 124|0x000000008b200000, 0x000000008b300000, 0x000000008b300000|100%| E|  |TAMS 0x000000008b200000| PB 0x000000008b200000| Complete 
| 125|0x000000008b300000, 0x000000008b400000, 0x000000008b400000|100%| E|CS|TAMS 0x000000008b300000| PB 0x000000008b300000| Complete 

Card table byte_map: [0x00000286fa490000,0x00000286fa880000] _byte_map_base: 0x00000286fa075000

Marking Bits: (CMBitMap*) 0x00000286e74319f0
 Bits: [0x00000286fa880000, 0x00000286fc7a8000)

Polling page: 0x00000286e5270000

Metaspace:

Usage:
  Non-class:     14.69 MB used.
      Class:      2.19 MB used.
       Both:     16.88 MB used.

Virtual space:
  Non-class space:       64.00 MB reserved,      14.88 MB ( 23%) committed,  1 nodes.
      Class space:        1.00 GB reserved,       2.31 MB ( <1%) committed,  1 nodes.
             Both:        1.06 GB reserved,      17.19 MB (  2%) committed. 

Chunk freelists:
   Non-Class:  640.00 KB
       Class:  13.50 MB
        Both:  14.13 MB

MaxMetaspaceSize: unlimited
CompressedClassSpaceSize: 1.00 GB
Initial GC threshold: 21.00 MB
Current GC threshold: 21.00 MB
CDS: on
 - commit_granule_bytes: 65536.
 - commit_granule_words: 8192.
 - virtual_space_node_default_size: 8388608.
 - enlarge_chunks_in_place: 1.
 - use_allocation_guard: 0.


Internal statistics:

num_allocs_failed_limit: 0.
num_arena_births: 394.
num_arena_deaths: 0.
num_vsnodes_births: 2.
num_vsnodes_deaths: 0.
num_space_committed: 275.
num_space_uncommitted: 0.
num_chunks_returned_to_freelist: 0.
num_chunks_taken_from_freelist: 1016.
num_chunk_merges: 0.
num_chunk_splits: 646.
num_chunks_enlarged: 430.
num_inconsistent_stats: 0.

CodeHeap 'non-profiled nmethods': size=120000Kb used=791Kb max_used=791Kb free=119208Kb
 bounds [0x00000286f2840000, 0x00000286f2ab0000, 0x00000286f9d70000]
CodeHeap 'profiled nmethods': size=120000Kb used=4372Kb max_used=4372Kb free=115628Kb
 bounds [0x00000286ead70000, 0x00000286eb1c0000, 0x00000286f22a0000]
CodeHeap 'non-nmethods': size=5760Kb used=1582Kb max_used=1582Kb free=4177Kb
 bounds [0x00000286f22a0000, 0x00000286f2510000, 0x00000286f2840000]
CodeCache: size=245760Kb, used=6745Kb, max_used=6745Kb, free=239013Kb
 total_blobs=2857, nmethods=2337, adapters=423, full_count=0
Compilation: enabled, stopped_count=0, restarted_count=0

Compilation events (20 events):
Event: 1.253 Thread 0x00000286ff249460 nmethod 2285 0x00000286eb193110 code [0x00000286eb1932a0, 0x00000286eb1933e0]
Event: 1.253 Thread 0x00000286ff249460 2294       3       sun.util.locale.LanguageTag::parseExtlangs (114 bytes)
Event: 1.254 Thread 0x00000286ff249460 nmethod 2294 0x00000286eb193490 code [0x00000286eb193700, 0x00000286eb194178]
Event: 1.254 Thread 0x00000286ff249460 2295       3       sun.util.locale.LanguageTag::parseScript (55 bytes)
Event: 1.254 Thread 0x00000286ff249460 nmethod 2295 0x00000286eb194490 code [0x00000286eb1946a0, 0x00000286eb194c78]
Event: 1.254 Thread 0x00000286ff249460 2296       3       sun.util.locale.LanguageTag::parseRegion (55 bytes)
Event: 1.254 Thread 0x00000286ff249460 nmethod 2296 0x00000286eb194e90 code [0x00000286eb195080, 0x00000286eb195460]
Event: 1.254 Thread 0x00000286ff249460 2298       3       sun.util.locale.LanguageTag::parsePrivateuse (144 bytes)
Event: 1.255 Thread 0x00000286ff249460 nmethod 2298 0x00000286eb195610 code [0x00000286eb195900, 0x00000286eb196790]
Event: 1.255 Thread 0x00000286ff249460 2299       3       sun.util.locale.InternalLocaleBuilder::setLanguageTag (173 bytes)
Event: 1.256 Thread 0x00000286ff249460 nmethod 2299 0x00000286eb196d10 code [0x00000286eb197120, 0x00000286eb198c48]
Event: 1.256 Thread 0x00000286ff249460 2300       3       sun.util.locale.InternalLocaleBuilder::clear (31 bytes)
Event: 1.256 Thread 0x00000286ff249460 nmethod 2300 0x00000286eb199390 code [0x00000286eb199560, 0x00000286eb199868]
Event: 1.256 Thread 0x00000286ff249460 2301       3       sun.util.locale.LanguageTag::getExtlangs (24 bytes)
Event: 1.257 Thread 0x00000286ff249460 nmethod 2301 0x00000286eb199910 code [0x00000286eb199ae0, 0x00000286eb199db8]
Event: 1.257 Thread 0x00000286ff249460 2302       3       sun.util.locale.LanguageTag::getVariants (24 bytes)
Event: 1.257 Thread 0x00000286ff249460 nmethod 2302 0x00000286eb199e90 code [0x00000286eb19a060, 0x00000286eb19a338]
Event: 1.257 Thread 0x00000286ff249460 2303       3       sun.util.locale.LanguageTag::getExtensions (24 bytes)
Event: 1.257 Thread 0x00000286ff249460 nmethod 2303 0x00000286eb19a410 code [0x00000286eb19a5e0, 0x00000286eb19a8b8]
Event: 1.257 Thread 0x00000286ff249460 2290       3       sun.util.locale.LanguageTag::isRegion (36 bytes)

GC Heap History (4 events):
Event: 0.570 GC heap before
{Heap before GC invocations=0 (full 0):
 garbage-first heap   total 129024K, used 25600K [0x0000000083600000, 0x0000000100000000)
  region size 1024K, 23 young (23552K), 0 survivors (0K)
 Metaspace       used 5066K, committed 5248K, reserved 1114112K
  class space    used 592K, committed 704K, reserved 1048576K
}
Event: 0.574 GC heap after
{Heap after GC invocations=1 (full 0):
 garbage-first heap   total 129024K, used 7899K [0x0000000083600000, 0x0000000100000000)
  region size 1024K, 3 young (3072K), 3 survivors (3072K)
 Metaspace       used 5066K, committed 5248K, reserved 1114112K
  class space    used 592K, committed 704K, reserved 1048576K
}
Event: 1.011 GC heap before
{Heap before GC invocations=1 (full 0):
 garbage-first heap   total 129024K, used 37595K [0x0000000083600000, 0x0000000100000000)
  region size 1024K, 33 young (33792K), 3 survivors (3072K)
 Metaspace       used 13074K, committed 13440K, reserved 1114112K
  class space    used 1805K, committed 1984K, reserved 1048576K
}
Event: 1.018 GC heap after
{Heap after GC invocations=2 (full 0):
 garbage-first heap   total 129024K, used 10953K [0x0000000083600000, 0x0000000100000000)
  region size 1024K, 3 young (3072K), 3 survivors (3072K)
 Metaspace       used 13074K, committed 13440K, reserved 1114112K
  class space    used 1805K, committed 1984K, reserved 1048576K
}

Dll operation events (8 events):
Event: 0.009 Loaded shared library C:\Users\amith\Downloads\eclipse\plugins\org.eclipse.justj.openjdk.hotspot.jre.full.win32.x86_64_21.0.8.v20250724-1412\jre\bin\java.dll
Event: 0.034 Loaded shared library C:\Users\amith\Downloads\eclipse\plugins\org.eclipse.justj.openjdk.hotspot.jre.full.win32.x86_64_21.0.8.v20250724-1412\jre\bin\zip.dll
Event: 0.182 Loaded shared library C:\Users\amith\Downloads\eclipse\plugins\org.eclipse.justj.openjdk.hotspot.jre.full.win32.x86_64_21.0.8.v20250724-1412\jre\bin\net.dll
Event: 0.184 Loaded shared library C:\Users\amith\Downloads\eclipse\plugins\org.eclipse.justj.openjdk.hotspot.jre.full.win32.x86_64_21.0.8.v20250724-1412\jre\bin\nio.dll
Event: 0.188 Loaded shared library C:\Users\amith\Downloads\eclipse\plugins\org.eclipse.justj.openjdk.hotspot.jre.full.win32.x86_64_21.0.8.v20250724-1412\jre\bin\zip.dll
Event: 0.292 Loaded shared library C:\Users\amith\Downloads\eclipse\plugins\org.eclipse.justj.openjdk.hotspot.jre.full.win32.x86_64_21.0.8.v20250724-1412\jre\bin\jimage.dll
Event: 0.463 Loaded shared library C:\Users\amith\Downloads\eclipse\plugins\org.eclipse.justj.openjdk.hotspot.jre.full.win32.x86_64_21.0.8.v20250724-1412\jre\bin\management.dll
Event: 0.468 Loaded shared library C:\Users\amith\Downloads\eclipse\plugins\org.eclipse.justj.openjdk.hotspot.jre.full.win32.x86_64_21.0.8.v20250724-1412\jre\bin\management_ext.dll

Deoptimization events (20 events):
Event: 1.097 Thread 0x00000286ffb909d0 Uncommon trap: trap_request=0xffffff45 fr.pc=0x00000286f2872b44 relative=0x0000000000000664
Event: 1.098 Thread 0x00000286ffb909d0 Uncommon trap: reason=unstable_if action=reinterpret pc=0x00000286f2872b44 method=java.util.zip.ZipCoder.hash(Ljava/lang/String;)I @ 23 c2
Event: 1.098 Thread 0x00000286ffb909d0 DEOPT PACKING pc=0x00000286f2872b44 sp=0x0000008d72ffdd80
Event: 1.098 Thread 0x00000286ffb909d0 DEOPT UNPACKING pc=0x00000286f22f7da2 sp=0x0000008d72ffdca0 mode 2
Event: 1.098 Thread 0x00000286ffb909d0 Uncommon trap: trap_request=0xffffff45 fr.pc=0x00000286f2862b6c relative=0x000000000000036c
Event: 1.098 Thread 0x00000286ffb909d0 Uncommon trap: reason=unstable_if action=reinterpret pc=0x00000286f2862b6c method=java.util.zip.ZipCoder.hash(Ljava/lang/String;)I @ 23 c2
Event: 1.098 Thread 0x00000286ffb909d0 DEOPT PACKING pc=0x00000286f2862b6c sp=0x0000008d72ffdd10
Event: 1.098 Thread 0x00000286ffb909d0 DEOPT UNPACKING pc=0x00000286f22f7da2 sp=0x0000008d72ffdc98 mode 2
Event: 1.099 Thread 0x00000286ffb909d0 Uncommon trap: trap_request=0xffffff45 fr.pc=0x00000286f285316c relative=0x000000000000004c
Event: 1.099 Thread 0x00000286ffb909d0 Uncommon trap: reason=unstable_if action=reinterpret pc=0x00000286f285316c method=sun.nio.fs.WindowsPathParser.isSlash(C)Z @ 9 c2
Event: 1.099 Thread 0x00000286ffb909d0 DEOPT PACKING pc=0x00000286f285316c sp=0x0000008d72ffdf40
Event: 1.099 Thread 0x00000286ffb909d0 DEOPT UNPACKING pc=0x00000286f22f7da2 sp=0x0000008d72ffdec8 mode 2
Event: 1.240 Thread 0x00000286ffb909d0 Uncommon trap: trap_request=0xffffff45 fr.pc=0x00000286f28b0e90 relative=0x0000000000000070
Event: 1.240 Thread 0x00000286ffb909d0 Uncommon trap: reason=unstable_if action=reinterpret pc=0x00000286f28b0e90 method=java.lang.ref.ReferenceQueue.poll()Ljava/lang/ref/Reference; @ 4 c2
Event: 1.240 Thread 0x00000286ffb909d0 DEOPT PACKING pc=0x00000286f28b0e90 sp=0x0000008d72ffe230
Event: 1.240 Thread 0x00000286ffb909d0 DEOPT UNPACKING pc=0x00000286f22f7da2 sp=0x0000008d72ffe1b8 mode 2
Event: 1.254 Thread 0x00000286ffb909d0 Uncommon trap: trap_request=0xffffffc6 fr.pc=0x00000286f28fbdac relative=0x00000000000008ec
Event: 1.254 Thread 0x00000286ffb909d0 Uncommon trap: reason=bimorphic_or_optimized_type_check action=maybe_recompile pc=0x00000286f28fbdac method=java.util.HashMap.putVal(ILjava/lang/Object;Ljava/lang/Object;ZZ)Ljava/lang/Object; @ 203 c2
Event: 1.254 Thread 0x00000286ffb909d0 DEOPT PACKING pc=0x00000286f28fbdac sp=0x0000008d72ffe4c0
Event: 1.254 Thread 0x00000286ffb909d0 DEOPT UNPACKING pc=0x00000286f22f7da2 sp=0x0000008d72ffe3d0 mode 2

Classes loaded (20 events):
Event: 1.130 Loading class java/nio/DirectByteBuffer$Deallocator done
Event: 1.200 Loading class java/beans/Transient
Event: 1.200 Loading class java/beans/Transient done
Event: 1.200 Loading class java/beans/ConstructorProperties
Event: 1.200 Loading class java/beans/ConstructorProperties done
Event: 1.205 Loading class java/io/InvalidObjectException
Event: 1.205 Loading class java/io/InvalidObjectException done
Event: 1.208 Loading class java/util/concurrent/ConcurrentLinkedQueue
Event: 1.208 Loading class java/util/concurrent/ConcurrentLinkedQueue done
Event: 1.208 Loading class java/util/concurrent/ConcurrentLinkedQueue$Node
Event: 1.208 Loading class java/util/concurrent/ConcurrentLinkedQueue$Node done
Event: 1.210 Loading class java/util/concurrent/atomic/AtomicLongArray
Event: 1.210 Loading class java/util/concurrent/atomic/AtomicLongArray done
Event: 1.210 Loading class java/lang/invoke/VarHandleLongs$Array
Event: 1.211 Loading class java/lang/invoke/VarHandleLongs$Array done
Event: 1.211 Loading class java/util/concurrent/atomic/AtomicReferenceArray
Event: 1.211 Loading class java/util/concurrent/atomic/AtomicReferenceArray done
Event: 1.211 Loading class java/lang/invoke/VarHandleReferences$Array
Event: 1.211 Loading class java/lang/invoke/VarHandleReferences$Array done
Event: 1.256 Loading class sun/text/resources/cldr/FormatData_en

Classes unloaded (0 events):
No events

Classes redefined (0 events):
No events

Internal exceptions (20 events):
Event: 0.712 Thread 0x00000286ffb909d0 Exception <a 'java/lang/NoSuchMethodError'{0x000000008ab685f8}: 'int java.lang.invoke.DirectMethodHandle$Holder.invokeStaticInit(java.lang.Object, double, double)'> (0x000000008ab685f8) 
thrown [s\src\hotspot\share\interpreter\linkResolver.cpp, line 773]
Event: 0.712 Thread 0x00000286ffb909d0 Exception <a 'java/lang/NoSuchMethodError'{0x000000008ab6ce10}: 'int java.lang.invoke.DirectMethodHandle$Holder.invokeStatic(java.lang.Object, long)'> (0x000000008ab6ce10) 
thrown [s\src\hotspot\share\interpreter\linkResolver.cpp, line 773]
Event: 0.713 Thread 0x00000286ffb909d0 Exception <a 'java/lang/NoSuchMethodError'{0x000000008ab8f720}: 'int java.lang.invoke.Invokers$Holder.linkToTargetMethod(java.lang.Object, java.lang.Object)'> (0x000000008ab8f720) 
thrown [s\src\hotspot\share\interpreter\linkResolver.cpp, line 773]
Event: 0.724 Thread 0x00000286ffb909d0 Exception <a 'java/lang/NoSuchMethodError'{0x000000008aa0bb10}: 'java.lang.Object java.lang.invoke.DirectMethodHandle$Holder.invokeSpecial(java.lang.Object, java.lang.Object, java.lang.Object, int, java.lang.Object)'> (0x000000008aa0bb10) 
thrown [s\src\hotspot\share\interpreter\linkResolver.cpp, line 773]
Event: 0.724 Thread 0x00000286ffb909d0 Exception <a 'java/lang/NoSuchMethodError'{0x000000008aa134d8}: 'java.lang.Object java.lang.invoke.DirectMethodHandle$Holder.newInvokeSpecial(java.lang.Object, java.lang.Object, java.lang.Object, int, java.lang.Object)'> (0x000000008aa134d8) 
thrown [s\src\hotspot\share\interpreter\linkResolver.cpp, line 773]
Event: 0.724 Thread 0x00000286ffb909d0 Exception <a 'java/lang/NoSuchMethodError'{0x000000008aa1aaa0}: 'java.lang.Object java.lang.invoke.Invokers$Holder.linkToTargetMethod(java.lang.Object, java.lang.Object, int, java.lang.Object, java.lang.Object)'> (0x000000008aa1aaa0) 
thrown [s\src\hotspot\share\interpreter\linkResolver.cpp, line 773]
Event: 0.725 Thread 0x00000286ffb909d0 Exception <a 'java/lang/NoSuchMethodError'{0x000000008aa29ea0}: 'java.lang.Object java.lang.invoke.DirectMethodHandle$Holder.newInvokeSpecial(java.lang.Object, int, java.lang.Object)'> (0x000000008aa29ea0) 
thrown [s\src\hotspot\share\interpreter\linkResolver.cpp, line 773]
Event: 0.725 Thread 0x00000286ffb909d0 Exception <a 'java/lang/NoSuchMethodError'{0x000000008aa2e810}: 'int java.lang.invoke.DirectMethodHandle$Holder.invokeSpecialIFC(java.lang.Object, java.lang.Object, java.lang.Object, java.lang.Object)'> (0x000000008aa2e810) 
thrown [s\src\hotspot\share\interpreter\linkResolver.cpp, line 773]
Event: 0.737 Thread 0x00000286ffb909d0 Exception <a 'java/lang/NoSuchMethodError'{0x000000008aadb5e8}: 'void java.lang.invoke.DirectMethodHandle$Holder.invokeInterface(java.lang.Object, java.lang.Object, java.lang.Object)'> (0x000000008aadb5e8) 
thrown [s\src\hotspot\share\interpreter\linkResolver.cpp, line 773]
Event: 0.752 Thread 0x00000286ffb909d0 Exception <a 'java/lang/NoSuchMethodError'{0x000000008a975420}: 'void java.lang.invoke.DirectMethodHandle$Holder.invokeStaticInit(java.lang.Object, java.lang.Object, java.lang.Object)'> (0x000000008a975420) 
thrown [s\src\hotspot\share\interpreter\linkResolver.cpp, line 773]
Event: 0.755 Thread 0x00000286ffb909d0 Exception <a 'java/lang/NoSuchMethodError'{0x000000008a9ac040}: 'java.lang.Object java.lang.invoke.DirectMethodHandle$Holder.invokeStaticInit(java.lang.Object, int)'> (0x000000008a9ac040) 
thrown [s\src\hotspot\share\interpreter\linkResolver.cpp, line 773]
Event: 0.757 Thread 0x00000286ffb909d0 Exception <a 'java/lang/NoSuchMethodError'{0x000000008a9b6690}: 'java.lang.Object java.lang.invoke.DirectMethodHandle$Holder.invokeStatic(java.lang.Object, int, java.lang.Object)'> (0x000000008a9b6690) 
thrown [s\src\hotspot\share\interpreter\linkResolver.cpp, line 773]
Event: 0.758 Thread 0x00000286ffb909d0 Exception <a 'java/lang/NoSuchMethodError'{0x000000008a9b9d20}: 'java.lang.Object java.lang.invoke.DirectMethodHandle$Holder.invokeStaticInit(java.lang.Object, int, java.lang.Object)'> (0x000000008a9b9d20) 
thrown [s\src\hotspot\share\interpreter\linkResolver.cpp, line 773]
Event: 0.764 Thread 0x00000286ffb909d0 Exception <a 'java/lang/NoSuchMethodError'{0x000000008a9df0a8}: 'java.lang.Object java.lang.invoke.DirectMethodHandle$Holder.invokeVirtual(java.lang.Object, java.lang.Object, java.lang.Object)'> (0x000000008a9df0a8) 
thrown [s\src\hotspot\share\interpreter\linkResolver.cpp, line 773]
Event: 0.779 Thread 0x00000286ffb909d0 Exception <a 'java/lang/NoSuchMethodError'{0x000000008a87ea18}: 'void java.lang.invoke.DirectMethodHandle$Holder.invokeVirtual(java.lang.Object, java.lang.Object, java.lang.Object, java.lang.Object)'> (0x000000008a87ea18) 
thrown [s\src\hotspot\share\interpreter\linkResolver.cpp, line 773]
Event: 0.832 Thread 0x00000286ffb909d0 Exception <a 'java/lang/NoSuchMethodError'{0x000000008a6bed08}: 'java.lang.Object java.lang.invoke.Invokers$Holder.invoke_MT(java.lang.Object, java.lang.Object, java.lang.Object, java.lang.Object, java.lang.Object, java.lang.Object, java.lang.Object, java.lang.Object, java.lang.Object)'> (0x000000008a6bed08) 
thrown [s\src\hotspot\share\interpreter\linkResolver.cpp, line 773]
Event: 0.835 Thread 0x00000286ffb909d0 Exception <a 'java/lang/NoSuchMethodError'{0x000000008a522d90}: 'java.lang.reflect.Field[] java.lang.Class.getDeclaredFields(java.lang.Class)'> (0x000000008a522d90) 
thrown [s\src\hotspot\share\interpreter\linkResolver.cpp, line 773]
Event: 0.843 Thread 0x00000286ffb909d0 Exception <a 'java/lang/IncompatibleClassChangeError'{0x000000008a5b36e0}: Found class java.lang.Object, but interface was expected> (0x000000008a5b36e0) 
thrown [s\src\hotspot\share\interpreter\linkResolver.cpp, line 840]
Event: 1.100 Thread 0x00000286ffb909d0 Exception <a 'java/lang/NoSuchMethodError'{0x000000008ae2fb38}: 'int java.lang.invoke.DirectMethodHandle$Holder.invokeSpecial(java.lang.Object, java.lang.Object, java.lang.Object, java.lang.Object, java.lang.Object)'> (0x000000008ae2fb38) 
thrown [s\src\hotspot\share\interpreter\linkResolver.cpp, line 773]
Event: 1.103 Thread 0x00000286ffb909d0 Exception <a 'java/lang/NoSuchMethodError'{0x000000008ae38068}: 'void java.lang.invoke.DirectMethodHandle$Holder.invokeVirtual(java.lang.Object, java.lang.Object)'> (0x000000008ae38068) 
thrown [s\src\hotspot\share\interpreter\linkResolver.cpp, line 773]

ZGC Phase Switch (0 events):
No events

VM Operations (20 events):
Event: 0.436 Executing VM operation: HandshakeAllThreads (Deoptimize)
Event: 0.436 Executing VM operation: HandshakeAllThreads (Deoptimize) done
Event: 0.567 Executing VM operation: HandshakeAllThreads (Deoptimize)
Event: 0.567 Executing VM operation: HandshakeAllThreads (Deoptimize) done
Event: 0.570 Executing VM operation: G1CollectForAllocation (G1 Evacuation Pause)
Event: 0.574 Executing VM operation: G1CollectForAllocation (G1 Evacuation Pause) done
Event: 0.707 Executing VM operation: HandshakeAllThreads (Deoptimize)
Event: 0.707 Executing VM operation: HandshakeAllThreads (Deoptimize) done
Event: 0.791 Executing VM operation: ICBufferFull
Event: 0.791 Executing VM operation: ICBufferFull done
Event: 0.824 Executing VM operation: HandshakeAllThreads (Deoptimize)
Event: 0.824 Executing VM operation: HandshakeAllThreads (Deoptimize) done
Event: 0.825 Executing VM operation: HandshakeAllThreads (Deoptimize)
Event: 0.825 Executing VM operation: HandshakeAllThreads (Deoptimize) done
Event: 1.007 Executing VM operation: HandshakeAllThreads (Deoptimize)
Event: 1.007 Executing VM operation: HandshakeAllThreads (Deoptimize) done
Event: 1.011 Executing VM operation: G1CollectForAllocation (G1 Evacuation Pause)
Event: 1.018 Executing VM operation: G1CollectForAllocation (G1 Evacuation Pause) done
Event: 1.078 Executing VM operation: HandshakeAllThreads (Deoptimize)
Event: 1.078 Executing VM operation: HandshakeAllThreads (Deoptimize) done

Memory protections (0 events):
No events

Nmethod flushes (0 events):
No events

Events (15 events):
Event: 0.022 Thread 0x00000286e50b2420 Thread added: 0x00000286e50b2420
Event: 0.035 Thread 0x00000286e50b2420 Thread added: 0x00000286febb6190
Event: 0.035 Thread 0x00000286e50b2420 Thread added: 0x00000286febb90e0
Event: 0.035 Thread 0x00000286e50b2420 Thread added: 0x00000286febbdc40
Event: 0.035 Thread 0x00000286e50b2420 Thread added: 0x00000286febbea00
Event: 0.035 Thread 0x00000286e50b2420 Thread added: 0x00000286febbf540
Event: 0.035 Thread 0x00000286e50b2420 Thread added: 0x00000286febc0080
Event: 0.035 Thread 0x00000286e50b2420 Thread added: 0x00000286ff2483c0
Event: 0.035 Thread 0x00000286e50b2420 Thread added: 0x00000286ff249460
Event: 0.170 Thread 0x00000286e50b2420 Thread added: 0x00000286ff37c3f0
Event: 0.174 Thread 0x00000286e50b2420 Thread added: 0x00000286ff3809b0
Event: 0.221 Thread 0x00000286ff249460 Thread added: 0x00000286ff47bde0
Event: 0.513 Thread 0x00000286e50b2420 Thread added: 0x00000286ffb91970
Event: 0.517 Thread 0x00000286ffb91970 Thread added: 0x00000286ffb909d0
Event: 0.830 Thread 0x00000286ffb909d0 Thread added: 0x00000286c52f40a0


Dynamic libraries:
0x00007ff740ed0000 - 0x00007ff740ede000 	C:\Users\amith\Downloads\eclipse\plugins\org.eclipse.justj.openjdk.hotspot.jre.full.win32.x86_64_21.0.8.v20250724-1412\jre\bin\javaw.exe
0x00007ffaca7e0000 - 0x00007ffacaa46000 	C:\WINDOWS\SYSTEM32\ntdll.dll
0x00007ffac9050000 - 0x00007ffac9119000 	C:\WINDOWS\System32\KERNEL32.DLL
0x00007ffac79f0000 - 0x00007ffac7def000 	C:\WINDOWS\System32\KERNELBASE.dll
0x00007ffac7e00000 - 0x00007ffac7f4c000 	C:\WINDOWS\System32\ucrtbase.dll
0x00007ffaabb50000 - 0x00007ffaabb6e000 	C:\Users\amith\Downloads\eclipse\plugins\org.eclipse.justj.openjdk.hotspot.jre.full.win32.x86_64_21.0.8.v20250724-1412\jre\bin\VCRUNTIME140.dll
0x00007ffaabb30000 - 0x00007ffaabb48000 	C:\Users\amith\Downloads\eclipse\plugins\org.eclipse.justj.openjdk.hotspot.jre.full.win32.x86_64_21.0.8.v20250724-1412\jre\bin\jli.dll
0x00007ffac99b0000 - 0x00007ffac9b76000 	C:\WINDOWS\System32\USER32.dll
0x00007ffac8020000 - 0x00007ffac8047000 	C:\WINDOWS\System32\win32u.dll
0x00007ffaa51f0000 - 0x00007ffaa5481000 	C:\WINDOWS\WinSxS\amd64_microsoft.windows.common-controls_6595b64144ccf1df_6.0.26100.8972_none_3e0da176e32f9d4b\COMCTL32.dll
0x00007ffac88e0000 - 0x00007ffac890b000 	C:\WINDOWS\System32\GDI32.dll
0x00007ffac9610000 - 0x00007ffac96b9000 	C:\WINDOWS\System32\msvcrt.dll
0x00007ffac8270000 - 0x00007ffac8399000 	C:\WINDOWS\System32\gdi32full.dll
0x00007ffac83a0000 - 0x00007ffac8443000 	C:\WINDOWS\System32\msvcp_win.dll
0x00007ffac9420000 - 0x00007ffac9452000 	C:\WINDOWS\System32\IMM32.DLL
0x00007ffaae720000 - 0x00007ffaae72c000 	C:\Users\amith\Downloads\eclipse\plugins\org.eclipse.justj.openjdk.hotspot.jre.full.win32.x86_64_21.0.8.v20250724-1412\jre\bin\vcruntime140_1.dll
0x00007ffaa9690000 - 0x00007ffaa971d000 	C:\Users\amith\Downloads\eclipse\plugins\org.eclipse.justj.openjdk.hotspot.jre.full.win32.x86_64_21.0.8.v20250724-1412\jre\bin\msvcp140.dll
0x00007ff9e8840000 - 0x00007ff9e95d7000 	C:\Users\amith\Downloads\eclipse\plugins\org.eclipse.justj.openjdk.hotspot.jre.full.win32.x86_64_21.0.8.v20250724-1412\jre\bin\server\jvm.dll
0x00007ffac9120000 - 0x00007ffac91dc000 	C:\WINDOWS\System32\ADVAPI32.dll
0x00007ffac8f10000 - 0x00007ffac8fb9000 	C:\WINDOWS\System32\sechost.dll
0x00007ffac8510000 - 0x00007ffac8628000 	C:\WINDOWS\System32\RPCRT4.dll
0x00007ffac9360000 - 0x00007ffac93e2000 	C:\WINDOWS\System32\WS2_32.dll
0x00007ffabc1a0000 - 0x00007ffabc1d6000 	C:\WINDOWS\SYSTEM32\WINMM.dll
0x00007ffac7850000 - 0x00007ffac78ae000 	C:\WINDOWS\SYSTEM32\POWRPROF.dll
0x00007ffaab980000 - 0x00007ffaab98b000 	C:\WINDOWS\SYSTEM32\VERSION.dll
0x00007ffac7830000 - 0x00007ffac7845000 	C:\WINDOWS\SYSTEM32\UMPDC.dll
0x00007ffac66e0000 - 0x00007ffac66fb000 	C:\WINDOWS\SYSTEM32\kernel.appcore.dll
0x00007ffa71e20000 - 0x00007ffa71e2a000 	C:\Users\amith\Downloads\eclipse\plugins\org.eclipse.justj.openjdk.hotspot.jre.full.win32.x86_64_21.0.8.v20250724-1412\jre\bin\jimage.dll
0x00007ffac4ee0000 - 0x00007ffac5122000 	C:\WINDOWS\SYSTEM32\DBGHELP.DLL
0x00007ffac8910000 - 0x00007ffac8c95000 	C:\WINDOWS\System32\combase.dll
0x00007ffac8ca0000 - 0x00007ffac8d79000 	C:\WINDOWS\System32\OLEAUT32.dll
0x00007ffa9f7e0000 - 0x00007ffa9f81b000 	C:\WINDOWS\SYSTEM32\dbgcore.DLL
0x00007ffac7f60000 - 0x00007ffac800c000 	C:\WINDOWS\System32\bcryptPrimitives.dll
0x00007ffa71e00000 - 0x00007ffa71e1f000 	C:\Users\amith\Downloads\eclipse\plugins\org.eclipse.justj.openjdk.hotspot.jre.full.win32.x86_64_21.0.8.v20250724-1412\jre\bin\java.dll
0x00007ffaca010000 - 0x00007ffaca798000 	C:\WINDOWS\System32\SHELL32.dll
0x00007ffac54c0000 - 0x00007ffac5d5b000 	C:\WINDOWS\SYSTEM32\windows.storage.dll
0x00007ffac9260000 - 0x00007ffac9359000 	C:\WINDOWS\System32\SHCORE.dll
0x00007ffac91f0000 - 0x00007ffac9256000 	C:\WINDOWS\System32\shlwapi.dll
0x00007ffac7910000 - 0x00007ffac7939000 	C:\WINDOWS\SYSTEM32\profapi.dll
0x00007ffa44c50000 - 0x00007ffa44c68000 	C:\Users\amith\Downloads\eclipse\plugins\org.eclipse.justj.openjdk.hotspot.jre.full.win32.x86_64_21.0.8.v20250724-1412\jre\bin\zip.dll
0x00007ffa44c40000 - 0x00007ffa44c50000 	C:\Users\amith\Downloads\eclipse\plugins\org.eclipse.justj.openjdk.hotspot.jre.full.win32.x86_64_21.0.8.v20250724-1412\jre\bin\net.dll
0x00007ffab74e0000 - 0x00007ffab7607000 	C:\WINDOWS\SYSTEM32\WINHTTP.dll
0x00007ffac6c90000 - 0x00007ffac6cfc000 	C:\WINDOWS\system32\mswsock.dll
0x00007ffa44140000 - 0x00007ffa44156000 	C:\Users\amith\Downloads\eclipse\plugins\org.eclipse.justj.openjdk.hotspot.jre.full.win32.x86_64_21.0.8.v20250724-1412\jre\bin\nio.dll
0x00007ffab5910000 - 0x00007ffab591a000 	C:\Users\amith\Downloads\eclipse\plugins\org.eclipse.justj.openjdk.hotspot.jre.full.win32.x86_64_21.0.8.v20250724-1412\jre\bin\management.dll
0x00007ffaab220000 - 0x00007ffaab22b000 	C:\Users\amith\Downloads\eclipse\plugins\org.eclipse.justj.openjdk.hotspot.jre.full.win32.x86_64_21.0.8.v20250724-1412\jre\bin\management_ext.dll
0x00007ffac9600000 - 0x00007ffac9608000 	C:\WINDOWS\System32\PSAPI.DLL

JVMTI agents: none

dbghelp: loaded successfully - version: 4.0.5 - missing functions: none
symbol engine: initialized successfully - sym options: 0x614 - pdb path: .;C:\Users\amith\Downloads\eclipse\plugins\org.eclipse.justj.openjdk.hotspot.jre.full.win32.x86_64_21.0.8.v20250724-1412\jre\bin;C:\WINDOWS\SYSTEM32;C:\WINDOWS\WinSxS\amd64_microsoft.windows.common-controls_6595b64144ccf1df_6.0.26100.8972_none_3e0da176e32f9d4b;C:\Users\amith\Downloads\eclipse\plugins\org.eclipse.justj.openjdk.hotspot.jre.full.win32.x86_64_21.0.8.v20250724-1412\jre\bin\server

VM Arguments:
jvm_args: -Dfile.encoding=UTF-8 -Dstdout.encoding=UTF-8 -Dstderr.encoding=UTF-8 -XX:+ShowCodeDetailsInExceptionMessages 
java_command: com.amithangadi.docmind_AI.DocmindAiApplication
java_class_path (initial): E:\amith-java\Spring-Practice\docmind-AI\target\classes;C:\Users\amith\.m2\repository\org\springframework\boot\spring-boot-starter-web\3.5.7\spring-boot-starter-web-3.5.7.jar;C:\Users\amith\.m2\repository\org\springframework\boot\spring-boot-starter\3.5.7\spring-boot-starter-3.5.7.jar;C:\Users\amith\.m2\repository\org\springframework\boot\spring-boot-starter-logging\3.5.7\spring-boot-starter-logging-3.5.7.jar;C:\Users\amith\.m2\repository\ch\qos\logback\logback-classic\1.5.20\logback-classic-1.5.20.jar;C:\Users\amith\.m2\repository\ch\qos\logback\logback-core\1.5.20\logback-core-1.5.20.jar;C:\Users\amith\.m2\repository\org\apache\logging\log4j\log4j-to-slf4j\2.24.3\log4j-to-slf4j-2.24.3.jar;C:\Users\amith\.m2\repository\org\apache\logging\log4j\log4j-api\2.24.3\log4j-api-2.24.3.jar;C:\Users\amith\.m2\repository\org\slf4j\jul-to-slf4j\2.0.17\jul-to-slf4j-2.0.17.jar;C:\Users\amith\.m2\repository\jakarta\annotation\jakarta.annotation-api\2.1.1\jakarta.annotation-api-2.1.1.jar;C:\Users\amith\.m2\repository\org\yaml\snakeyaml\2.4\snakeyaml-2.4.jar;C:\Users\amith\.m2\repository\org\springframework\boot\spring-boot-starter-json\3.5.7\spring-boot-starter-json-3.5.7.jar;C:\Users\amith\.m2\repository\com\fasterxml\jackson\datatype\jackson-datatype-jdk8\2.19.2\jackson-datatype-jdk8-2.19.2.jar;C:\Users\amith\.m2\repository\com\fasterxml\jackson\datatype\jackson-datatype-jsr310\2.19.2\jackson-datatype-jsr310-2.19.2.jar;C:\Users\amith\.m2\repository\com\fasterxml\jackson\module\jackson-module-parameter-names\2.19.2\jackson-module-parameter-names-2.19.2.jar;C:\Users\amith\.m2\repository\org\springframework\boot\spring-boot-starter-tomcat\3.5.7\spring-boot-starter-tomcat-3.5.7.jar;C:\Users\amith\.m2\repository\org\apache\tomcat\embed\tomcat-embed-core\10.1.48\tomcat-embed-core-10.1.48.jar;C:\Users\amith\.m2\repository\org\apache\tomcat\embed\tomcat-embed-websocket\10.1.48\tomcat-embed-websocket-10.1.48.jar;C:\Users\amith\.m2\repository\org\springframework\spring-web\6.2.12\spring-web-6.2.12.jar;C:\Users\amith\.m2\repository\org\springframework\spring-beans\6.2.12\spring-beans-6.2.12.jar;C:\Users\amith\.m2\repository\io\micrometer\micrometer-observation\1.15.5\micrometer-observation-1.15.5.jar;C:\Users\amith\.m2\repository\io\micrometer\micrometer-commons\1.15.5\micrometer-commons-1.15.5.jar;C:\Users\amith\.m2\repository\org\springframework\spring-webmvc\6.2.12\spring-webmvc-6.2.12.jar;C:\Users\amith\.m2\repository\org\springframework\spring-context\6.2.12\spring-context-6.2.12.jar;C:\Users\amith\.m2\repository\org\springframework\spring-expression\6.2.12\spring-expression-6.2.12.jar;C:\Users\amith\.m2\repository\org\springframework\boot\spring-boot-starter-data-jpa\3.5.7\spring-boot-starter-data-jpa-3.5.7.jar;C:\Users\amith\.m2\repository\org\springframework\boot\spring-boot-starter-jdbc\3.5.7\spring-boot-starter-jdbc-3.5.7.jar;C:\Users\amith\.m2\repository\com\zaxxer\HikariCP\6.3.3\HikariCP-6.3.3.jar;C:\Users\amith\.m2\repository\org\springframework\spring-jdbc\6.2.12\spring-jdbc-6.2.12.jar;C:\Users\amith\.m2\repository\org\hibernate\orm\hibernate-core\6.6.33.Final\hibernate-core-6.6.33.Final.jar;C:\Users\amith\.m2\repository\jakarta\persistence\jakarta.persistence-api\3.1.0\jakarta.persistence-api-3.1.0.jar;C:\Users\amith\.m2\repository\jakarta\transaction\jakarta.transaction-api\2.0.1\jakarta.transaction-api-2.0.1.jar;C:\Users\amith\.m2\repository\org\jboss\logging\jboss-logging\3.6.1.Final\jboss-logging-3.6.1.Final.jar;C:\Users\amith\.m2\repository\org\hibernate\common\hibernate-commons-annotations\7.0.3.Final\hibernate-commons-annotations-7.0.3.Final.jar;C:\Users\amith\.m2\repository\io\smallrye\jandex\3.2.0\jandex-3.2.0.jar;C:\Users\amith\.m2\repository\com\fasterxml\classmate\1.7.1\classmate-1.7.1.jar;C:\Users\amith\.m2\repository\net\bytebuddy\byte-buddy\1.17.8\byte-buddy-1.17.8.jar;C:\Users\amith\.m2\repository\org\glassfish\jaxb\jaxb-runtime\4.0.6\jaxb-runtime-4.0.6.jar;C:\Users\amith\.m2\repository\org\glassfish\jaxb\jaxb-core\4.0.6\jaxb-core-4.0.6.jar;C:\Users\amith\.m2\repository\org\eclipse\angus\angus-activation\2.0.3\angus-activation-2.0.3.jar;C:\Users\amith\.m2\repository\org\glassfish\jaxb\txw2\4.0.6\txw2-4.0.6.jar;C:\Users\amith\.m2\repository\com\sun\istack\istack-commons-runtime\4.1.2\istack-commons-runtime-4.1.2.jar;C:\Users\amith\.m2\repository\jakarta\inject\jakarta.inject-api\2.0.1\jakarta.inject-api-2.0.1.jar;C:\Users\amith\.m2\repository\org\antlr\antlr4-runtime\4.13.0\antlr4-runtime-4.13.0.jar;C:\Users\amith\.m2\repository\org\springframework\data\spring-data-jpa\3.5.5\spring-data-jpa-3.5.5.jar;C:\Users\amith\.m2\repository\org\springframework\data\spring-data-commons\3.5.5\spring-data-commons-3.5.5.jar;C:\Users\amith\.m2\repository\org\springframework\spring-orm\6.2.12\spring-orm-6.2.12.jar;C:\Users\amith\.m2\repository\org\springframework\spring-tx\6.2.12\spring-tx-6.2.12.jar;C:\Users\amith\.m2\repository\org\slf4j\slf4j-api\2.0.17\slf4j-api-2.0.17.jar;C:\Users\amith\.m2\repository\org\springframework\spring-aspects\6.2.12\spring-aspects-6.2.12.jar;C:\Users\amith\.m2\repository\org\aspectj\aspectjweaver\1.9.24\aspectjweaver-1.9.24.jar;C:\Users\amith\.m2\repository\org\springframework\boot\spring-boot-starter-security\3.5.7\spring-boot-starter-security-3.5.7.jar;C:\Users\amith\.m2\repository\org\springframework\spring-aop\6.2.12\spring-aop-6.2.12.jar;C:\Users\amith\.m2\repository\org\springframework\security\spring-security-config\6.5.6\spring-security-config-6.5.6.jar;C:\Users\amith\.m2\repository\org\springframework\security\spring-security-web\6.5.6\spring-security-web-6.5.6.jar;C:\Users\amith\.m2\repository\org\springframework\boot\spring-boot-starter-validation\3.5.7\spring-boot-starter-validation-3.5.7.jar;C:\Users\amith\.m2\repository\org\apache\tomcat\embed\tomcat-embed-el\10.1.48\tomcat-embed-el-10.1.48.jar;C:\Users\amith\.m2\repository\org\hibernate\validator\hibernate-validator\8.0.3.Final\hibernate-validator-8.0.3.Final.jar;C:\Users\amith\.m2\repository\jakarta\validation\jakarta.validation-api\3.0.2\jakarta.validation-api-3.0.2.jar;C:\Users\amith\.m2\repository\com\mysql\mysql-connector-j\9.4.0\mysql-connector-j-9.4.0.jar;C:\Users\amith\.m2\repository\io\jsonwebtoken\jjwt-api\0.12.7\jjwt-api-0.12.7.jar;C:\Users\amith\.m2\repository\io\jsonwebtoken\jjwt-impl\0.12.7\jjwt-impl-0.12.7.jar;C:\Users\amith\.m2\repository\io\jsonwebtoken\jjwt-jackson\0.12.7\jjwt-jackson-0.12.7.jar;C:\Users\amith\.m2\repository\com\fasterxml\jackson\core\jackson-databind\2.19.2\jackson-databind-2.19.2.jar;C:\Users\amith\.m2\repository\com\fasterxml\jackson\core\jackson-annotations\2.19.2\jackson-annotations-2.19.2.jar;C:\Users\amith\.m2\repository\com\fasterxml\jackson\core\jackson-core\2.19.2\jackson-core-2.19.2.jar;C:\Users\amith\.m2\repository\org\springdoc\springdoc-openapi-starter-webmvc-ui\2.8.9\springdoc-openapi-starter-webmvc-ui-2.8.9.jar;C:\Users\amith\.m2\repository\org\springdoc\springdoc-openapi-starter-webmvc-api\2.8.9\springdoc-openapi-starter-webmvc-api-2.8.9.jar;C:\Users\amith\.m2\repository\org\springdoc\springdoc-openapi-starter-common\2.8.9\springdoc-openapi-starter-common-2.8.9.jar;C:\Users\amith\.m2\repository\io\swagger\core\v3\swagger-core-jakarta\2.2.30\swagger-core-jakarta-2.2.30.jar;C:\Users\amith\.m2\repository\org\apache\commons\commons-lang3\3.17.0\commons-lang3-3.17.0.jar;C:\Users\amith\.m2\repository\io\swagger\core\v3\swagger-annotations-jakarta\2.2.30\swagger-annotations-jakarta-2.2.30.jar;C:\Users\amith\.m2\repository\io\swagger\core\v3\swagger-models-jakarta\2.2.30\swagger-models-jakarta-2.2.30.jar;C:\Users\amith\.m2\repository\com\fasterxml\jackson\dataformat\jackson-dataformat-yaml\2.19.2\jackson-dataformat-yaml-2.19.2.jar;C:\Users\amith\.m2\repository\org\webjars\swagger-ui\5.21.0\swagger-ui-5.21.0.jar;C:\Users\amith\.m2\repository\org\webjars\webjars-locator-lite\1.1.2\webjars-locator-lite-1.1.2.jar;C:\Users\amith\.m2\repository\org\jspecify\jspecify\1.0.0\jspecify-1.0.0.jar;C:\Users\amith\.m2\repository\org\springframework\boot\spring-boot-devtools\3.5.7\spring-boot-devtools-3.5.7.jar;C:\Users\amith\.m2\repository\org\springframework\boot\spring-boot\3.5.7\spring-boot-3.5.7.jar;C:\Users\amith\.m2\repository\org\springframework\boot\spring-boot-autoconfigure\3.5.7\spring-boot-autoconfigure-3.5.7.jar;C:\Users\amith\.m2\repository\jakarta\xml\bind\jakarta.xml.bind-api\4.0.4\jakarta.xml.bind-api-4.0.4.jar;C:\Users\amith\.m2\repository\jakarta\activation\jakarta.activation-api\2.1.4\jakarta.activation-api-2.1.4.jar;C:\Users\amith\.m2\repository\org\springframework\spring-core\6.2.12\spring-core-6.2.12.jar;C:\Users\amith\.m2\repository\org\springframework\spring-jcl\6.2.12\spring-jcl-6.2.12.jar;C:\Users\amith\.m2\repository\org\springframework\security\spring-security-core\6.5.6\spring-security-core-6.5.6.jar;C:\Users\amith\.m2\repository\org\springframework\security\spring-security-crypto\6.5.6\spring-security-crypto-6.5.6.jar
Launcher Type: SUN_STANDARD

[Global flags]
     intx CICompilerCount                          = 4                                         {product} {ergonomic}
     uint ConcGCThreads                            = 2                                         {product} {ergonomic}
     uint G1ConcRefinementThreads                  = 8                                         {product} {ergonomic}
   size_t G1HeapRegionSize                         = 1048576                                   {product} {ergonomic}
    uintx GCDrainStackTargetSize                   = 64                                        {product} {ergonomic}
   size_t InitialHeapSize                          = 132120576                                 {product} {ergonomic}
   size_t MarkStackSize                            = 4194304                                   {product} {ergonomic}
   size_t MaxHeapSize                              = 2090860544                                {product} {ergonomic}
   size_t MaxNewSize                               = 1254096896                                {product} {ergonomic}
   size_t MinHeapDeltaBytes                        = 1048576                                   {product} {ergonomic}
   size_t MinHeapSize                              = 8388608                                   {product} {ergonomic}
    uintx NonNMethodCodeHeapSize                   = 5839372                                {pd product} {ergonomic}
    uintx NonProfiledCodeHeapSize                  = 122909434                              {pd product} {ergonomic}
    uintx ProfiledCodeHeapSize                     = 122909434                              {pd product} {ergonomic}
    uintx ReservedCodeCacheSize                    = 251658240                              {pd product} {ergonomic}
     bool SegmentedCodeCache                       = true                                      {product} {ergonomic}
     bool ShowCodeDetailsInExceptionMessages       = true                                   {manageable} {command line}
   size_t SoftMaxHeapSize                          = 2090860544                             {manageable} {ergonomic}
     bool UseCompressedOops                        = true                           {product lp64_product} {ergonomic}
     bool UseG1GC                                  = true                                      {product} {ergonomic}
     bool UseLargePagesIndividualAllocation        = false                                  {pd product} {ergonomic}

Logging:
Log output configuration:
 #0: stdout all=warning uptime,level,tags foldmultilines=false
 #1: stderr all=off uptime,level,tags foldmultilines=false

Environment Variables:
PATH=C:/Users/amith/Downloads/eclipse//plugins/org.eclipse.justj.openjdk.hotspot.jre.full.win32.x86_64_21.0.8.v20250724-1412/jre/bin/server;C:/Users/amith/Downloads/eclipse//plugins/org.eclipse.justj.openjdk.hotspot.jre.full.win32.x86_64_21.0.8.v20250724-1412/jre/bin;C:\Program Files\Common Files\Oracle\Java\javapath;C:\oraclexe\app\oracle\product\11.2.0\server\bin;C:\Program Files\Python311\Scripts\;C:\Program Files\Python311\;C:\Program Files\Common Files\Oracle\Java\javapath\bin;C:\Windows\system32;C:\Windows;C:\Windows\System32\Wbem;C:\Windows\System32\WindowsPowerShell\v1.0\;C:\Windows\System32\OpenSSH\;C:\Program Files (x86)\NVIDIA Corporation\PhysX\Common;C:\Program Files\NVIDIA Corporation\NVIDIA NvDLISR;C:\Program Files\Microsoft SQL Server\150\Tools\Binn\;C:\Program Files\Microsoft SQL Server\Client SDK\ODBC\170\Tools\Binn\;C:\Program Files\dotnet\;C:\Program Files\MySQL\MySQL Server 8.1\bin;C:\MinGW\bin;C:\WINDOWS\system32;C:\WINDOWS;C:\WINDOWS\System32\Wbem;C:\WINDOWS\System32\WindowsPowerShell\v1.0\;C:\WINDOWS\System32\OpenSSH\;C:\xampp\php;C:\Users\amith\AppData\Local\nvm;C:\nvm4w\nodejs;C:\Users\amith\AppData\Local\nvm;C:\Program Files\nodejs\;C:\Program Files\Java\jdk-17\bin;C:\Program Files\Git\cmd;C:\Program Files\Git\mingw64\bin;C:\Program Files\Git\usr\bin;C:\Users\amith\Downloads\apache-maven-3.9.16-bin\apache-maven-3.9.16\bin;C:\Program Files (x86)\Mobatek\MobaXterm;C:\Users\amith\Downloads\terraform_1.15.7_windows_386;C:\Program Files\Memurai\;C:\Program Files\MySQL\MySQL Shell 8.0\bin\;C:\Users\amith\AppData\Local\Programs\Python\Python312\Scripts\;C:\Users\amith\AppData\Local\Programs\Python\Python312\;C:\Users\amith\AppData\Local\Microsoft\WindowsApps;C:\Users\amith\.dotnet\tools;C:\Users\amith\AppData\Local\Programs\Microsoft VS Code\bin;C:\Users\amith\AppData\Local\nvm;C:\nvm4w\nodejs;C:\Users\amith\AppData\Roaming\npm;C:\Users\amith\AppData\Local\Programs\Antigravity IDE\bin;E:\IntelliJ IDEA 2025.3.3\bin;C:\Users\amith\Downloads\eclipse;
USERNAME=amith
OS=Windows_NT
PROCESSOR_IDENTIFIER=Intel64 Family 6 Model 140 Stepping 1, GenuineIntel
TMP=C:\Users\amith\AppData\Local\Temp
TEMP=C:\Users\amith\AppData\Local\Temp




Periodic native trim disabled

---------------  S Y S T E M  ---------------

OS:
 Windows 11 , 64 bit Build 26100 (10.0.26100.8972)
OS uptime: 0 days 22:51 hours

CPU: total 8 (initial active 8) (4 cores per cpu, 2 threads per core) family 6 model 140 stepping 1 microcode 0xa4, cx8, cmov, fxsr, ht, mmx, 3dnowpref, sse, sse2, sse3, ssse3, sse4.1, sse4.2, popcnt, lzcnt, tsc, tscinvbit, avx, avx2, aes, erms, clmul, bmi1, bmi2, adx, avx512f, avx512dq, avx512cd, avx512bw, avx512vl, sha, fma, vzeroupper, avx512_vpopcntdq, avx512_vpclmulqdq, avx512_vaes, avx512_vnni, clflush, clflushopt, clwb, avx512_vbmi2, avx512_vbmi, rdtscp, rdpid, fsrm, gfni, avx512_bitalg, f16c, pku, cet_ibt, cet_ss, avx512_ifma
Processor Information for the first 8 processors :
  Max Mhz: 3110, Current Mhz: 3110, Mhz Limit: 3110

Memory: 4k page, system-wide physical 7975M (427M free)
TotalPageFile size 14311M (AvailPageFile size 0M)
current process WorkingSet (physical memory assigned to process): 148M, peak: 150M
current process commit charge ("private bytes"): 271M, peak: 274M

vm_info: OpenJDK 64-Bit Server VM (21.0.8+9-LTS) for windows-amd64 JRE (21.0.8+9-LTS), built on 2025-07-15T00:00:00Z by "admin" with MS VC++ 17.7 (VS2022)

END.
